
=== S0 toolchain and host ===
2026-09-06T04:53:42Z
Darwin Steves-MacBook-Pro.local 25.4.0 Darwin Kernel Version 25.4.0: Thu Mar 19 19:33:25 PDT 2026; root:xnu-12377.101.15~1/RELEASE_ARM64_T6041 arm64
ProductName:		macOS
ProductVersion:		26.4
BuildVersion:		25E246
rustc 1.98.0 (88d9e12ae 2026-08-18) (Homebrew)
cargo 1.98.0 (797e8a9bc 2026-08-05) (Homebrew)
rustfmt 1.9.0
awk version 20200816
xargs: BSD xargs (no --version flag)
jq-1.8.2
GNU bash, version 3.2.57(1)-release (arm64-apple-darwin25)
runner:  /Users/stevemorin/c/rs-launch-blueprint-p02-plan/research/runs/R46/2026-09-05T160304Z-5cba7fe96ae4/review/empirical
work:    /Users/stevemorin/c/rs-launch-blueprint-p02-plan/research/runs/R46/2026-09-05T160304Z-5cba7fe96ae4/review/empirical/.work
checker.sh sha256:    ad0700cf41f1b11e7e137bbd64883fbf9e88f1f1d8f5edf19a4f2d63978cfb96
acceptance.sh sha256: 1d3666d3be7fd1306dab112e3d2967e4d887c47a3f38467d7bd5a87cb8706758
LICENSE-APACHE sha256: cfc7749b96f63bd31c3c42b5c471bf756814053e847c10f3eb003417bc523d30
LICENSE-MIT sha256:    2c0355d3d12067adf3b1a5e91e67dd3709cd8fb0df3adbfb0ae60508d47de952

=== S1 recommended acceptance sequence (acceptance.sh, verbatim) from the fixture root ===
    license = "MIT OR Apache-2.0"
       Compiling r46-fixture v0.1.0 (/Users/stevemorin/c/rs-launch-blueprint-p02-plan/research/runs/R46/2026-09-05T160304Z-5cba7fe96ae4/review/empirical/.work/fixture)
       Compiling r46-web v0.1.0 (/Users/stevemorin/c/rs-launch-blueprint-p02-plan/research/runs/R46/2026-09-05T160304Z-5cba7fe96ae4/review/empirical/.work/fixture/crates/r46-web)
        Finished `test` profile [unoptimized + debuginfo] target(s) in 0.24s
         Running unittests src/lib.rs (/Users/stevemorin/c/rs-launch-blueprint-p02-plan/research/runs/R46/2026-09-05T160304Z-5cba7fe96ae4/review/empirical/.work/target/debug/deps/r46_fixture-9d2558678f7a062c)
    
    running 1 test
    test tests::package_license_is_the_fixed_dual_expression ... ok
    
    test result: ok. 1 passed; 0 failed; 0 ignored; 0 measured; 0 filtered out; finished in 0.00s
    
         Running unittests src/main.rs (/Users/stevemorin/c/rs-launch-blueprint-p02-plan/research/runs/R46/2026-09-05T160304Z-5cba7fe96ae4/review/empirical/.work/target/debug/deps/r46_fixture-53f09c0bb94b1a64)
    
    running 0 tests
    
    test result: ok. 0 passed; 0 failed; 0 ignored; 0 measured; 0 filtered out; finished in 0.00s
    
         Running tests/license_metadata.rs (/Users/stevemorin/c/rs-launch-blueprint-p02-plan/research/runs/R46/2026-09-05T160304Z-5cba7fe96ae4/review/empirical/.work/target/debug/deps/license_metadata-b023560a068426aa)
    
    running 1 test
    test integration_target_sees_the_dual_license ... ok
    
    test result: ok. 1 passed; 0 failed; 0 ignored; 0 measured; 0 filtered out; finished in 0.00s
    
         Running unittests examples/print_license.rs (/Users/stevemorin/c/rs-launch-blueprint-p02-plan/research/runs/R46/2026-09-05T160304Z-5cba7fe96ae4/review/empirical/.work/target/debug/examples/print_license-59c59bf3ed17f5b8)
    
    running 0 tests
    
    test result: ok. 0 passed; 0 failed; 0 ignored; 0 measured; 0 filtered out; finished in 0.00s
    
         Running unittests src/lib.rs (/Users/stevemorin/c/rs-launch-blueprint-p02-plan/research/runs/R46/2026-09-05T160304Z-5cba7fe96ae4/review/empirical/.work/target/debug/deps/r46_web-5084f71cf781b6e7)
    
    running 2 tests
    test tests::health_route_answers_200 ... ok
    test tests::member_inherits_the_workspace_license ... ok
    
    test result: ok. 2 passed; 0 failed; 0 ignored; 0 measured; 0 filtered out; finished in 0.00s
    
    warning: manifest has no description, documentation, homepage or repository
      |
      = note: see https://doc.rust-lang.org/cargo/reference/manifest.html#package-metadata for more info
       Packaging r46-fixture v0.1.0 (/Users/stevemorin/c/rs-launch-blueprint-p02-plan/research/runs/R46/2026-09-05T160304Z-5cba7fe96ae4/review/empirical/.work/fixture)
        Packaged 9 files, 14.6KiB (5.6KiB compressed)
    warning: manifest has no description, documentation, homepage or repository
      |
      = note: see https://doc.rust-lang.org/cargo/reference/manifest.html#package-metadata for more info
       Packaging r46-web v0.1.0 (/Users/stevemorin/c/rs-launch-blueprint-p02-plan/research/runs/R46/2026-09-05T160304Z-5cba7fe96ae4/review/empirical/.work/fixture/crates/r46-web)
        Packaged 4 files, 1.6KiB (1.0KiB compressed)
PASS  S1 acceptance.sh on the header-free fixture -> exit 0

=== S2 checker controls (checker.sh, verbatim; one NUL-delimited path each) ===
PASS  S2 clean: leading //! docs -> exit 0
PASS  S2 empty (0-byte) file -> exit 0
    /Users/stevemorin/c/rs-launch-blueprint-p02-plan/research/runs/R46/2026-09-05T160304Z-5cba7fe96ae4/review/empirical/.work/controls/form-a.rs:1:(a) SPDX-License-Identifier:
    unexpected prohibited per-file license form or header-check failure
PASS  S2 form (a) SPDX-License-Identifier line -> exit 1
    /Users/stevemorin/c/rs-launch-blueprint-p02-plan/research/runs/R46/2026-09-05T160304Z-5cba7fe96ae4/review/empirical/.work/controls/form-b.rs:1:(b) MIT boilerplate first line
    unexpected prohibited per-file license form or header-check failure
PASS  S2 form (b) MIT boilerplate first line -> exit 1
    /Users/stevemorin/c/rs-launch-blueprint-p02-plan/research/runs/R46/2026-09-05T160304Z-5cba7fe96ae4/review/empirical/.work/controls/form-c.rs:1:(c) Apache appendix boilerplate line
    unexpected prohibited per-file license form or header-check failure
PASS  S2 form (c) Apache appendix boilerplate line -> exit 1
    /Users/stevemorin/c/rs-launch-blueprint-p02-plan/research/runs/R46/2026-09-05T160304Z-5cba7fe96ae4/review/empirical/.work/controls/form-d.rs:1:(d) Apache full-text title form
    unexpected prohibited per-file license form or header-check failure
PASS  S2 form (d) Apache title then Version line -> exit 1
    /Users/stevemorin/c/rs-launch-blueprint-p02-plan/research/runs/R46/2026-09-05T160304Z-5cba7fe96ae4/review/empirical/.work/controls/form-e.rs:1:(e) MIT title form
    unexpected prohibited per-file license form or header-check failure
PASS  S2 form (e) MIT title then Copyright (c) -> exit 1
    /Users/stevemorin/c/rs-launch-blueprint-p02-plan/research/runs/R46/2026-09-05T160304Z-5cba7fe96ae4/review/empirical/.work/controls/reuse-two-line.rs:3:(a) SPDX-License-Identifier:
    unexpected prohibited per-file license form or header-check failure
PASS  S2 runner-up REUSE two-line header -> exit 1
PASS  S2 boundary: SPDX marker on line 41 -> exit 0
PASS  S2 boundary: Apache title, Version 4 lines later -> exit 0
PASS  S2 boundary: MIT title, Copyright 3 lines later -> exit 0
    /Users/stevemorin/c/rs-launch-blueprint-p02-plan/research/runs/R46/2026-09-05T160304Z-5cba7fe96ae4/review/empirical/.work/fixture/LICENSE-APACHE:2:(d) Apache full-text title form
    unexpected prohibited per-file license form or header-check failure
PASS  S2 root LICENSE-APACHE text fed as a source path -> exit 1
    /Users/stevemorin/c/rs-launch-blueprint-p02-plan/research/runs/R46/2026-09-05T160304Z-5cba7fe96ae4/review/empirical/.work/fixture/LICENSE-MIT:1:(e) MIT title form
    /Users/stevemorin/c/rs-launch-blueprint-p02-plan/research/runs/R46/2026-09-05T160304Z-5cba7fe96ae4/review/empirical/.work/fixture/LICENSE-MIT:5:(b) MIT boilerplate first line
    unexpected prohibited per-file license form or header-check failure
PASS  S2 root LICENSE-MIT text fed as a source path -> exit 1
    awk: can't open file /Users/stevemorin/c/rs-launch-blueprint-p02-plan/research/runs/R46/2026-09-05T160304Z-5cba7fe96ae4/review/empirical/.work/controls/does-not-exist.rs
     source line number 34
    unexpected prohibited per-file license form or header-check failure
PASS  S2 missing path -> exit 1

=== S3 several files through one xargs/awk invocation ===
PASS  S3 five clean files (one empty) in one batch -> exit 0
    /Users/stevemorin/c/rs-launch-blueprint-p02-plan/research/runs/R46/2026-09-05T160304Z-5cba7fe96ae4/review/empirical/.work/controls/form-a.rs:1:(a) SPDX-License-Identifier:
    unexpected prohibited per-file license form or header-check failure
PASS  S3 clean, form (a), clean in one batch -> exit 1
PASS  S3 diagnostic names the offending file and line
PASS  S3 no clean file reported

=== S4 whole-tree inverse control: one form (a) file under src/ must fail acceptance.sh ===
    license = "MIT OR Apache-2.0"
    src/header.rs:1:(a) SPDX-License-Identifier:
    unexpected prohibited per-file license form or header-check failure
PASS  S4 acceptance.sh with src/header.rs carrying form (a) -> exit 1
PASS  S4 diagnostic -> found 'src/header.rs:1:(a) SPDX-License-Identifier:'
PASS  S4 failure message -> found 'unexpected prohibited per-file license form or header-check failure'

=== S5 cargo metadata: every workspace package resolves the fixed expression ===
    r46-web 0.1.0 license=MIT OR Apache-2.0 edition=2024 rust-version=1.96
    r46-fixture 0.1.0 license=MIT OR Apache-2.0 edition=2024 rust-version=1.96
PASS  S5 both packages report license = MIT OR Apache-2.0 -> exit 0

=== S6 package-content review: which archives carry the license texts ===
--- cargo package -p r46-fixture --allow-dirty --no-verify --list ---
    Cargo.lock
    Cargo.toml
    Cargo.toml.orig
    LICENSE-APACHE
    LICENSE-MIT
    examples/print_license.rs
    src/lib.rs
    src/main.rs
    tests/license_metadata.rs
    stderr: warning: manifest has no description, documentation, homepage or repository
    stderr:   |
    stderr:   = note: see https://doc.rust-lang.org/cargo/reference/manifest.html#package-metadata for more info
PASS  S6 cargo package -p r46-fixture --list -> exit 0
--- cargo package -p r46-web --allow-dirty --no-verify --list ---
    Cargo.lock
    Cargo.toml
    Cargo.toml.orig
    src/lib.rs
    stderr: warning: manifest has no description, documentation, homepage or repository
    stderr:   |
    stderr:   = note: see https://doc.rust-lang.org/cargo/reference/manifest.html#package-metadata for more info
PASS  S6 cargo package -p r46-web --list -> exit 0
PASS  S6 root package archive lists LICENSE-APACHE -> found 'LICENSE-APACHE'
PASS  S6 root package archive lists LICENSE-MIT -> found 'LICENSE-MIT'
OBSERVED: the crates/r46-web archive does NOT include the root LICENSE-APACHE / LICENSE-MIT (root-only files do not reach a crates/ member's .crate)
PASS  S6 member archive content recorded (observation, not a gate)
--- archives written by S1 ($CARGO_TARGET_DIR/package) ---
    target/package/r46-fixture-0.1.0.crate:
        r46-fixture-0.1.0/Cargo.lock
        r46-fixture-0.1.0/Cargo.toml
        r46-fixture-0.1.0/Cargo.toml.orig
        r46-fixture-0.1.0/LICENSE-APACHE
        r46-fixture-0.1.0/LICENSE-MIT
        r46-fixture-0.1.0/examples/print_license.rs
        r46-fixture-0.1.0/src/lib.rs
        r46-fixture-0.1.0/src/main.rs
        r46-fixture-0.1.0/tests/license_metadata.rs
    target/package/r46-web-0.1.0.crate:
        r46-web-0.1.0/Cargo.lock
        r46-web-0.1.0/Cargo.toml
        r46-web-0.1.0/Cargo.toml.orig
        r46-web-0.1.0/src/lib.rs

=== S7 the CLI binary prints the expression it was compiled with ===
    stdout: MIT OR Apache-2.0
PASS  S7 cargo run --bin r46-fixture -> exit 0
PASS  S7 binary output is MIT OR Apache-2.0

=== S8 //! placement probe (prompt LOW question) ===
--- header-first: first lines of src/lib.rs ---
    // SPDX-License-Identifier: MIT OR Apache-2.0
    //! Placement probe: a plain comment precedes the crate docs. R46_LOWQ_HEADER_FIRST
PASS  S8 header-first cargo build -> exit 0
PASS  S8 header-first cargo fmt --all -- --check -> exit 0
PASS  S8 header-first cargo doc --no-deps -> exit 0
PASS  S8 header-first crate docs rendered (target/doc/header_first/index.html) -> found 'R46_LOWQ_HEADER_FIRST'
--- docs-only: first lines of src/lib.rs ---
    //! Placement probe: the crate docs are the first element. R46_LOWQ_DOCS_ONLY
    
PASS  S8 docs-only cargo build -> exit 0
PASS  S8 docs-only cargo fmt --all -- --check -> exit 0
PASS  S8 docs-only cargo doc --no-deps -> exit 0
PASS  S8 docs-only crate docs rendered (target/doc/docs_only/index.html) -> found 'R46_LOWQ_DOCS_ONLY'
    /Users/stevemorin/c/rs-launch-blueprint-p02-plan/research/runs/R46/2026-09-05T160304Z-5cba7fe96ae4/review/empirical/.work/lowq/header-first/src/lib.rs:1:(a) SPDX-License-Identifier:
    unexpected prohibited per-file license form or header-check failure
PASS  S8 header-first src/lib.rs is rejected by the checker -> exit 1
PASS  S8 docs-only src/lib.rs passes the checker -> exit 0

=== summary ===
summary: PASS=40 FAIL=0
RESULT: PASS
RUNNER EXIT: 0
